# serializer version: 1
# name: test_parse
  '''
  adtl_valid,adtl_error,epoch,id,some_date,text
  True,,1999-01-11,1,1999-01-24,Lorem ipsum
  True,,2022-12-19,2,2023-01-27,example
  
  '''
# ---
